// Jest Snapshot v1, https://goo.gl/fbAQLP

exports[`Pollution list  Pollution list renders correctly 1`] = `
Object {
  "asFragment": [Function],
  "baseElement": <body>
    <div>
      <div>
        <div
          class="shadow-lg"
        >
          <nav>
            <div
              class="navBarContainer"
            >
              <button
                class="btn"
                type="button"
              >
                <a
                  aria-current="page"
                  class="link text-light active"
                  href="/"
                >
                  <svg
                    aria-hidden="true"
                    class="svg-inline--fa fa-house icon"
                    data-icon="house"
                    data-prefix="fas"
                    focusable="false"
                    role="img"
                    viewBox="0 0 576 512"
                    xmlns="http://www.w3.org/2000/svg"
                  >
                    <path
                      d="M575.8 255.5c0 18-15 32.1-32 32.1l-32 0 .7 160.2c0 2.7-.2 5.4-.5 8.1l0 16.2c0 22.1-17.9 40-40 40l-16 0c-1.1 0-2.2 0-3.3-.1c-1.4 .1-2.8 .1-4.2 .1L416 512l-24 0c-22.1 0-40-17.9-40-40l0-24 0-64c0-17.7-14.3-32-32-32l-64 0c-17.7 0-32 14.3-32 32l0 64 0 24c0 22.1-17.9 40-40 40l-24 0-31.9 0c-1.5 0-3-.1-4.5-.2c-1.2 .1-2.4 .2-3.6 .2l-16 0c-22.1 0-40-17.9-40-40l0-112c0-.9 0-1.9 .1-2.8l0-69.7-32 0c-18 0-32-14-32-32.1c0-9 3-17 10-24L266.4 8c7-7 15-8 22-8s15 2 21 7L564.8 231.5c8 7 12 15 11 24z"
                      fill="currentColor"
                    />
                  </svg>
                </a>
              </button>
              <h1
                class="header"
              >
                Air Quality
              </h1>
              <div
                class="nav-right-controls"
              >
                <button
                  aria-label="Switch to dark mode"
                  class="theme-toggle-btn"
                  title="Switch to dark mode"
                  type="button"
                >
                  <svg
                    aria-hidden="true"
                    class="svg-inline--fa fa-moon theme-toggle-icon"
                    data-icon="moon"
                    data-prefix="fas"
                    focusable="false"
                    role="img"
                    viewBox="0 0 384 512"
                    xmlns="http://www.w3.org/2000/svg"
                  >
                    <path
                      d="M223.5 32C100 32 0 132.3 0 256S100 480 223.5 480c60.6 0 115.5-24.2 155.8-63.4c5-4.9 6.3-12.5 3.1-18.7s-10.1-9.7-17-8.5c-9.8 1.7-19.8 2.6-30.1 2.6c-96.9 0-175.5-78.8-175.5-176c0-65.8 36-123.1 89.3-153.3c6.1-3.5 9.2-10.5 7.7-17.3s-7.3-11.9-14.3-12.5c-6.3-.5-12.6-.8-19-.8z"
                      fill="currentColor"
                    />
                  </svg>
                </button>
                <button
                  class="btn favorites-btn"
                  type="button"
                >
                  <a
                    class="link text-light favorites-link"
                    href="/favorites"
                  >
                    <svg
                      aria-hidden="true"
                      class="svg-inline--fa fa-heart icon"
                      data-icon="heart"
                      data-prefix="fas"
                      focusable="false"
                      role="img"
                      viewBox="0 0 512 512"
                      xmlns="http://www.w3.org/2000/svg"
                    >
                      <path
                        d="M47.6 300.4L228.3 469.1c7.5 7 17.4 10.9 27.7 10.9s20.2-3.9 27.7-10.9L464.4 300.4c30.4-28.3 47.6-68 47.6-109.5v-5.8c0-69.9-50.5-129.5-119.4-141C347 36.5 300.6 51.4 268 84L256 96 244 84c-32.6-32.6-79-47.5-124.6-39.9C50.5 55.6 0 115.2 0 185.1v5.8c0 41.5 17.2 81.2 47.6 109.5z"
                        fill="currentColor"
                      />
                    </svg>
                  </a>
                </button>
              </div>
            </div>
          </nav>
        </div>
        <div
          class="empty-container"
        >
          <p>
            No pollution data available. Please select a country.
          </p>
          <a
            class="back-link"
            href="/countries"
          >
            Go back to countries
          </a>
        </div>
      </div>
    </div>
  </body>,
  "container": <div>
    <div>
      <div
        class="shadow-lg"
      >
        <nav>
          <div
            class="navBarContainer"
          >
            <button
              class="btn"
              type="button"
            >
              <a
                aria-current="page"
                class="link text-light active"
                href="/"
              >
                <svg
                  aria-hidden="true"
                  class="svg-inline--fa fa-house icon"
                  data-icon="house"
                  data-prefix="fas"
                  focusable="false"
                  role="img"
                  viewBox="0 0 576 512"
                  xmlns="http://www.w3.org/2000/svg"
                >
                  <path
                    d="M575.8 255.5c0 18-15 32.1-32 32.1l-32 0 .7 160.2c0 2.7-.2 5.4-.5 8.1l0 16.2c0 22.1-17.9 40-40 40l-16 0c-1.1 0-2.2 0-3.3-.1c-1.4 .1-2.8 .1-4.2 .1L416 512l-24 0c-22.1 0-40-17.9-40-40l0-24 0-64c0-17.7-14.3-32-32-32l-64 0c-17.7 0-32 14.3-32 32l0 64 0 24c0 22.1-17.9 40-40 40l-24 0-31.9 0c-1.5 0-3-.1-4.5-.2c-1.2 .1-2.4 .2-3.6 .2l-16 0c-22.1 0-40-17.9-40-40l0-112c0-.9 0-1.9 .1-2.8l0-69.7-32 0c-18 0-32-14-32-32.1c0-9 3-17 10-24L266.4 8c7-7 15-8 22-8s15 2 21 7L564.8 231.5c8 7 12 15 11 24z"
                    fill="currentColor"
                  />
                </svg>
              </a>
            </button>
            <h1
              class="header"
            >
              Air Quality
            </h1>
            <div
              class="nav-right-controls"
            >
              <button
                aria-label="Switch to dark mode"
                class="theme-toggle-btn"
                title="Switch to dark mode"
                type="button"
              >
                <svg
                  aria-hidden="true"
                  class="svg-inline--fa fa-moon theme-toggle-icon"
                  data-icon="moon"
                  data-prefix="fas"
                  focusable="false"
                  role="img"
                  viewBox="0 0 384 512"
                  xmlns="http://www.w3.org/2000/svg"
                >
                  <path
                    d="M223.5 32C100 32 0 132.3 0 256S100 480 223.5 480c60.6 0 115.5-24.2 155.8-63.4c5-4.9 6.3-12.5 3.1-18.7s-10.1-9.7-17-8.5c-9.8 1.7-19.8 2.6-30.1 2.6c-96.9 0-175.5-78.8-175.5-176c0-65.8 36-123.1 89.3-153.3c6.1-3.5 9.2-10.5 7.7-17.3s-7.3-11.9-14.3-12.5c-6.3-.5-12.6-.8-19-.8z"
                    fill="currentColor"
                  />
                </svg>
              </button>
              <button
                class="btn favorites-btn"
                type="button"
              >
                <a
                  class="link text-light favorites-link"
                  href="/favorites"
                >
                  <svg
                    aria-hidden="true"
                    class="svg-inline--fa fa-heart icon"
                    data-icon="heart"
                    data-prefix="fas"
                    focusable="false"
                    role="img"
                    viewBox="0 0 512 512"
                    xmlns="http://www.w3.org/2000/svg"
                  >
                    <path
                      d="M47.6 300.4L228.3 469.1c7.5 7 17.4 10.9 27.7 10.9s20.2-3.9 27.7-10.9L464.4 300.4c30.4-28.3 47.6-68 47.6-109.5v-5.8c0-69.9-50.5-129.5-119.4-141C347 36.5 300.6 51.4 268 84L256 96 244 84c-32.6-32.6-79-47.5-124.6-39.9C50.5 55.6 0 115.2 0 185.1v5.8c0 41.5 17.2 81.2 47.6 109.5z"
                      fill="currentColor"
                    />
                  </svg>
                </a>
              </button>
            </div>
          </div>
        </nav>
      </div>
      <div
        class="empty-container"
      >
        <p>
          No pollution data available. Please select a country.
        </p>
        <a
          class="back-link"
          href="/countries"
        >
          Go back to countries
        </a>
      </div>
    </div>
  </div>,
  "debug": [Function],
  "findAllByAltText": [Function],
  "findAllByDisplayValue": [Function],
  "findAllByLabelText": [Function],
  "findAllByPlaceholderText": [Function],
  "findAllByRole": [Function],
  "findAllByTestId": [Function],
  "findAllByText": [Function],
  "findAllByTitle": [Function],
  "findByAltText": [Function],
  "findByDisplayValue": [Function],
  "findByLabelText": [Function],
  "findByPlaceholderText": [Function],
  "findByRole": [Function],
  "findByTestId": [Function],
  "findByText": [Function],
  "findByTitle": [Function],
  "getAllByAltText": [Function],
  "getAllByDisplayValue": [Function],
  "getAllByLabelText": [Function],
  "getAllByPlaceholderText": [Function],
  "getAllByRole": [Function],
  "getAllByTestId": [Function],
  "getAllByText": [Function],
  "getAllByTitle": [Function],
  "getByAltText": [Function],
  "getByDisplayValue": [Function],
  "getByLabelText": [Function],
  "getByPlaceholderText": [Function],
  "getByRole": [Function],
  "getByTestId": [Function],
  "getByText": [Function],
  "getByTitle": [Function],
  "queryAllByAltText": [Function],
  "queryAllByDisplayValue": [Function],
  "queryAllByLabelText": [Function],
  "queryAllByPlaceholderText": [Function],
  "queryAllByRole": [Function],
  "queryAllByTestId": [Function],
  "queryAllByText": [Function],
  "queryAllByTitle": [Function],
  "queryByAltText": [Function],
  "queryByDisplayValue": [Function],
  "queryByLabelText": [Function],
  "queryByPlaceholderText": [Function],
  "queryByRole": [Function],
  "queryByTestId": [Function],
  "queryByText": [Function],
  "queryByTitle": [Function],
  "rerender": [Function],
  "unmount": [Function],
}
`;
